<?xml version="1.0" encoding="utf-8"?><testsuites><testsuite name="pytest" errors="0" failures="0" skipped="0" tests="25" time="0.031" timestamp="2024-11-27T21:59:52.923435+07:00" hostname="Martini"><testcase classname="Lab11_test" name="test_numbers_multiplication[4-1-4]" time="0.000" /><testcase classname="Lab11_test" name="test_numbers_multiplication[11-0-0]" time="0.000" /><testcase classname="Lab11_test" name="test_numbers_multiplication[3--2--6]" time="0.000" /><testcase classname="Lab11_test" name="test_numbers_multiplication[-4--2-8]" time="0.000" /><testcase classname="Lab11_test" name="test_numbers_multiplication[5-3-15]" time="0.001" /><testcase classname="Lab11_test" name="test_nubmers_division[5-0-Error devision by zero]" time="0.000" /><testcase classname="Lab11_test" name="test_nubmers_division[0-3-0]" time="0.000" /><testcase classname="Lab11_test" name="test_nubmers_division[6-2-3]" time="0.000" /><testcase classname="Lab11_test" name="test_nubmers_division[-5-4--1.25]" time="0.000" /><testcase classname="Lab11_test" name="test_nubmers_division[-8--4-2]" time="0.000" /><testcase classname="Lab11_test" name="test_distance_between_points[3-9-3-9-0]" time="0.000" /><testcase classname="Lab11_test" name="test_distance_between_points[3-3-3--1-4]" time="0.000" /><testcase classname="Lab11_test" name="test_distance_between_points[-4--1-3--1-7]" time="0.000" /><testcase classname="Lab11_test" name="test_distance_between_points[4-3-1-7-5]" time="0.000" /><testcase classname="Lab11_test" name="test_distance_between_points[1-2-2-1-1.4142135623730951]" time="0.000" /><testcase classname="Lab11_test" name="test_quadratic_equation[1--5-6-res0]" time="0.000" /><testcase classname="Lab11_test" name="test_quadratic_equation[3--5-2-res1]" time="0.000" /><testcase classname="Lab11_test" name="test_quadratic_equation[4-0-0-0]" time="0.000" /><testcase classname="Lab11_test" name="test_quadratic_equation[2-0--8-res3]" time="0.000" /><testcase classname="Lab11_test" name="test_quadratic_equation[2--1-1-No solutions]" time="0.000" /><testcase classname="Lab11_test" name="test_geometric_progression_sum[5-0.5-8-15.5]" time="0.000" /><testcase classname="Lab11_test" name="test_geometric_progression_sum[5-5-1-781]" time="0.000" /><testcase classname="Lab11_test" name="test_geometric_progression_sum[10--2-2--682]" time="0.000" /><testcase classname="Lab11_test" name="test_geometric_progression_sum[5-7-7-19607]" time="0.000" /><testcase classname="Lab11_test" name="test_geometric_progression_sum[6-2-3-189]" time="0.000" /></testsuite></testsuites>